******************************************************************************
                  TI ARM Linker PC v20.2.1                     
******************************************************************************
>> Linked Thu Nov  5 13:19:19 2020

OUTPUT FILE NAME:   <001_tiva.out>
ENTRY POINT SYMBOL: "_c_int00_noargs"  address: 000004bd


MEMORY CONFIGURATION

         name            origin    length      used     unused   attr    fill
----------------------  --------  ---------  --------  --------  ----  --------
  FLASH                 00000000   00040000  000005ca  0003fa36  R  X
  SRAM                  20000000   00008000  00000204  00007dfc  RW X


SEGMENT ALLOCATION MAP

run origin  load origin   length   init length attrs members
----------  ----------- ---------- ----------- ----- -------
00000000    00000000    000005cc   000005cc    r-x
  00000000    00000000    0000026c   0000026c    r-- .intvecs
  0000026c    0000026c    000002de   000002de    r-x .text
  0000054c    0000054c    0000006c   0000006c    r-- .const
  000005b8    000005b8    00000014   00000014    r-- .cinit
20000000    20000000    00000204   00000000    rw-
  20000000    20000000    00000200   00000000    rw- .stack
  20000200    20000200    00000004   00000000    rw- .bss


SECTION ALLOCATION MAP

 output                                  attributes/
section   page    origin      length       input sections
--------  ----  ----------  ----------   ----------------
.intvecs   0    00000000    0000026c     
                  00000000    0000026c     tm4c1232h6pm_startup_ccs.obj (.intvecs)

.text      0    0000026c    000002de     
                  0000026c    00000118     driverlib.lib : sysctl.obj (.text:SysCtlClockGet)
                  00000384    000000f4                   : sysctl.obj (.text:SysCtlClockSet)
                  00000478    00000044     rtsv7M4_T_le_v4SPD16_eabi.lib : autoinit.c.obj (.text:__TI_auto_init_nobinit_nopinit:__TI_auto_init_nobinit_nopinit)
                  000004bc    00000034                                   : boot_cortex_m.c.obj (.text:_c_int00_noargs:_c_int00_noargs)
                  000004f0    00000024     main.obj (.text)
                  00000514    0000001c     rtsv7M4_T_le_v4SPD16_eabi.lib : copy_zero_init.c.obj (.text:decompress:ZI:__TI_zero_init_nomemset:__TI_zero_init_nomemset)
                  00000530    0000000c     tm4c1232h6pm_startup_ccs.obj (.text)
                  0000053c    00000006     driverlib.lib : sysctl.obj (.text:SysCtlDelay)
                  00000542    00000004     rtsv7M4_T_le_v4SPD16_eabi.lib : pre_init.c.obj (.text:_system_pre_init)
                  00000546    00000004                                   : exit.c.obj (.text:abort:abort)

.const     0    0000054c    0000006c     
                  0000054c    0000006c     driverlib.lib : sysctl.obj (.const:g_pui32Xtals)

.cinit     0    000005b8    00000014     
                  000005b8    00000008     (.cinit..bss.load) [load image, compression = zero_init]
                  000005c0    00000004     (__TI_handler_table)
                  000005c4    00000008     (__TI_cinit_table)

.init_array 
*          0    00000000    00000000     UNINITIALIZED

.bss       0    20000200    00000004     UNINITIALIZED
                  20000200    00000004     (.common:SysClock)

.stack     0    20000000    00000200     UNINITIALIZED
                  20000000    00000004     rtsv7M4_T_le_v4SPD16_eabi.lib : boot_cortex_m.c.obj (.stack)
                  20000004    000001fc     --HOLE--

__llvm_prf_cnts 
*          0    20000000    00000000     UNINITIALIZED

MODULE SUMMARY

       Module                         code   ro data   rw data
       ------                         ----   -------   -------
    .\
       tm4c1232h6pm_startup_ccs.obj   12     620       0      
       main.obj                       36     0         4      
    +--+------------------------------+------+---------+---------+
       Total:                         48     620       4      
                                                              
    ../driverlib.lib
       sysctl.obj                     530    108       0      
    +--+------------------------------+------+---------+---------+
       Total:                         530    108       0      
                                                              
    D:\ti\ccs1011\ccs\tools\compiler\ti-cgt-arm_20.2.1.LTS\lib\rtsv7M4_T_le_v4SPD16_eabi.lib
       autoinit.c.obj                 68     0         0      
       boot_cortex_m.c.obj            52     0         0      
       copy_zero_init.c.obj           28     0         0      
       exit.c.obj                     4      0         0      
       pre_init.c.obj                 4      0         0      
    +--+------------------------------+------+---------+---------+
       Total:                         156    0         0      
                                                              
       Stack:                         0      0         512    
       Linker Generated:              0      20        0      
    +--+------------------------------+------+---------+---------+
       Grand Total:                   734    748       516    


LINKER GENERATED COPY TABLES

__TI_cinit_table @ 000005c4 records: 1, size/record: 8, table size: 8
	.bss: load addr=000005b8, load size=00000008 bytes, run addr=20000200, run size=00000004 bytes, compression=zero_init


LINKER GENERATED HANDLER TABLE

__TI_handler_table @ 000005c0 records: 1, size/record: 4, table size: 4
	index: 0, handler: __TI_zero_init


GLOBAL SYMBOLS: SORTED ALPHABETICALLY BY Name 

address   name                          
-------   ----                          
00000547  C$$EXIT                       
00000531  ResetISR                      
20000200  SysClock                      
0000026d  SysCtlClockGet                
00000385  SysCtlClockSet                
0000053d  SysCtlDelay                   
20000200  __STACK_END                   
00000200  __STACK_SIZE                  
20000200  __STACK_TOP                   
000005c4  __TI_CINIT_Base               
000005cc  __TI_CINIT_Limit              
000005c0  __TI_Handler_Table_Base       
000005c4  __TI_Handler_Table_Limit      
00000479  __TI_auto_init_nobinit_nopinit
ffffffff  __TI_pprof_out_hndl           
ffffffff  __TI_prof_data_size           
ffffffff  __TI_prof_data_start          
00000000  __TI_static_base__            
00000515  __TI_zero_init_nomemset       
ffffffff  __binit__                     
ffffffff  __c_args__                    
UNDEFED   __mpu_init                    
20000000  __stack                       
20000000  __start___llvm_prf_cnts       
20000000  __stop___llvm_prf_cnts        
000004bd  _c_int00_noargs               
UNDEFED   _system_post_cinit            
00000543  _system_pre_init              
00000547  abort                         
ffffffff  binit                         
00000000  g_pfnVectors                  
000004f1  main                          


GLOBAL SYMBOLS: SORTED BY Symbol Address 

address   name                          
-------   ----                          
00000000  __TI_static_base__            
00000000  g_pfnVectors                  
00000200  __STACK_SIZE                  
0000026d  SysCtlClockGet                
00000385  SysCtlClockSet                
00000479  __TI_auto_init_nobinit_nopinit
000004bd  _c_int00_noargs               
000004f1  main                          
00000515  __TI_zero_init_nomemset       
00000531  ResetISR                      
0000053d  SysCtlDelay                   
00000543  _system_pre_init              
00000547  C$$EXIT                       
00000547  abort                         
000005c0  __TI_Handler_Table_Base       
000005c4  __TI_CINIT_Base               
000005c4  __TI_Handler_Table_Limit      
000005cc  __TI_CINIT_Limit              
20000000  __stack                       
20000000  __start___llvm_prf_cnts       
20000000  __stop___llvm_prf_cnts        
20000200  SysClock                      
20000200  __STACK_END                   
20000200  __STACK_TOP                   
ffffffff  __TI_pprof_out_hndl           
ffffffff  __TI_prof_data_size           
ffffffff  __TI_prof_data_start          
ffffffff  __binit__                     
ffffffff  __c_args__                    
ffffffff  binit                         
UNDEFED   __mpu_init                    
UNDEFED   _system_post_cinit            

[32 symbols]
